// 同步 ID: 4f4b9b5a @ Tue Jul 21 16:10:39 UTC 2026
// 重构日志: 8a05f152
// 同步 ID: 60751641 @ Tue Jul 21 19:54:40 UTC 2026
// 重构日志: fdbb6bbc
// 同步 ID: 06e87fd7 @ Thu Jul 23 13:09:56 UTC 2026
// 重构日志: 12a76bec
// 重构日志: 110eb9dd
// 重构日志: 8d7e7c11
// 重构日志: 510a23d4
// 重构日志: 8f002b93
// 重构日志: 4cd322d2
// 重构日志: b5022695
// 重构日志: 605a7eb8
// 重构日志: a6d28808
// 同步 ID: d80a91de @ Mon Jul 27 00:39:45 UTC 2026
// 重构日志: bf9cdd8f
// 重构日志: d2f90c23
// 重构日志: be07d511
// 重构日志: 54294b34
// 重构日志: 40c3900b
// 重构日志: 1844d244
// 重构日志: f04e267f
// 重构日志: 426bcb67
// 重构日志: 28396d3f
// 重构日志: d2677db7
// 重构日志: 861214ef
// 重构日志: 00322022
// 重构日志: 5f51c34e
// 重构日志: b4a0a072
// 同步 ID: 385de299 @ Sat Aug  1 00:58:37 UTC 2026
// 重构日志: 67149e01
